BL51 BANKED LINKER/LOCATER V6.22.2.0                                                    05/15/2025  11:15:36  PAGE 1


BL51 BANKED LINKER/LOCATER V6.22.2.0, INVOKED BY:
C:\KEIL_V5\C51\BIN\BL51.EXE .\Objects\STARTUP.obj, .\Objects\test.obj TO .\Objects\test PRINT (.\Listings\test.m51) RAMS
>> IZE (256)


MEMORY MODEL: SMALL


INPUT MODULES INCLUDED:
  .\Objects\STARTUP.obj (?C_STARTUP)
  .\Objects\test.obj (TEST)
  C:\KEIL_V5\C51\LIB\C51S.LIB (?C?SIDIV)
  C:\KEIL_V5\C51\LIB\C51S.LIB (?C?UIDIV)


LINK MAP OF MODULE:  .\Objects\test (?C_STARTUP)


            TYPE    BASE      LENGTH    RELOCATION   SEGMENT NAME
            -----------------------------------------------------

            * * * * * * *   D A T A   M E M O R Y   * * * * * * *
            REG     0000H     0008H     ABSOLUTE     "REG BANK 0"
            DATA    0008H     0006H     UNIT         _DATA_GROUP_
            IDATA   000EH     0001H     UNIT         ?STACK

            * * * * * * *   C O D E   M E M O R Y   * * * * * * *
            CODE    0000H     0003H     ABSOLUTE     
                    0003H     07FDH                  *** GAP ***
            CODE    0800H     00B9H     UNIT         ?PR?_DISPLAY?TEST
            CODE    08B9H     008BH     UNIT         ?C?LIB_CODE
            CODE    0944H     003DH     UNIT         ?PR?MAIN?TEST
            CODE    0981H     002AH     UNIT         ?PR?_BEEP?TEST
            CODE    09ABH     001AH     UNIT         ?PR?_DELAY_MS?TEST
            CODE    09C5H     000EH     UNIT         ?CO?TEST
            CODE    09D3H     000CH     UNIT         ?C_C51STARTUP



OVERLAY MAP OF MODULE:   .\Objects\test (?C_STARTUP)


SEGMENT                          DATA_GROUP 
  +--> CALLED SEGMENT          START    LENGTH
----------------------------------------------
?C_C51STARTUP                  -----    -----
  +--> ?PR?MAIN?TEST

?PR?MAIN?TEST                  0008H    0004H
  +--> ?PR?_DISPLAY?TEST
  +--> ?PR?_BEEP?TEST

?PR?_DISPLAY?TEST              000CH    0002H
  +--> ?CO?TEST
  +--> ?PR?_DELAY_MS?TEST

?PR?_BEEP?TEST                 -----    -----
  +--> ?PR?_DELAY_MS?TEST
BL51 BANKED LINKER/LOCATER V6.22.2.0                                                  05/15/2025  11:15:36  PAGE 2


  +--> ?PR?_DISPLAY?TEST



SYMBOL TABLE OF MODULE:  .\Objects\test (?C_STARTUP)

  VALUE           TYPE          NAME
  ----------------------------------

  -------         MODULE        ?C_STARTUP
  C:09D3H         SEGMENT       ?C_C51STARTUP
  I:000EH         SEGMENT       ?STACK
  C:0000H         PUBLIC        ?C_STARTUP
  D:00E0H         SYMBOL        ACC
  D:00F0H         SYMBOL        B
  D:0083H         SYMBOL        DPH
  D:0082H         SYMBOL        DPL
  N:0000H         SYMBOL        IBPSTACK
  N:0100H         SYMBOL        IBPSTACKTOP
  N:0080H         SYMBOL        IDATALEN
  C:09D6H         SYMBOL        IDATALOOP
  N:0000H         SYMBOL        PBPSTACK
  N:0100H         SYMBOL        PBPSTACKTOP
  N:0000H         SYMBOL        PDATALEN
  N:0000H         SYMBOL        PDATASTART
  N:0000H         SYMBOL        PPAGE
  N:0000H         SYMBOL        PPAGEENABLE
  D:00A0H         SYMBOL        PPAGE_SFR
  D:0081H         SYMBOL        SP
  C:09D3H         SYMBOL        STARTUP1
  N:0000H         SYMBOL        XBPSTACK
  N:0000H         SYMBOL        XBPSTACKTOP
  N:0000H         SYMBOL        XDATALEN
  N:0000H         SYMBOL        XDATASTART
  C:0000H         LINE#         126
  C:09D3H         LINE#         133
  C:09D5H         LINE#         134
  C:09D6H         LINE#         135
  C:09D7H         LINE#         136
  C:09D9H         LINE#         185
  C:09DCH         LINE#         196
  -------         ENDMOD        ?C_STARTUP

  -------         MODULE        TEST
  C:0000H         SYMBOL        _ICE_DUMMY_
  D:00A0H         PUBLIC        P2
  B:00A0H.6       PUBLIC        speak
  C:0981H         PUBLIC        _beep
  C:0944H         PUBLIC        main
  B:0090H.0       PUBLIC        SSLED0
  B:0090H.1       PUBLIC        SSLED1
  B:0090H.2       PUBLIC        SSLED2
  B:0090H.3       PUBLIC        SSLED3
  C:09AFH         PUBLIC        _Delay_ms
  C:0800H         PUBLIC        _Display
  C:09C5H         PUBLIC        r_table
  C:09C9H         PUBLIC        Table
BL51 BANKED LINKER/LOCATER V6.22.2.0                                                  05/15/2025  11:15:36  PAGE 3


  D:0080H         PUBLIC        Data
  C:09ABH         SYMBOL        L?0025
  -------         PROC          L?0024
  -------         ENDPROC       L?0024
  C:09ABH         SYMBOL        L?0025
  -------         PROC          _DELAY_MS
  D:0006H         SYMBOL        dly
  -------         DO            
  D:0005H         SYMBOL        dly1
  -------         ENDDO         
  C:09AFH         LINE#         29
  C:09AFH         LINE#         30
  C:09AFH         LINE#         32
  C:09B9H         LINE#         33
  C:09C4H         LINE#         34
  -------         ENDPROC       _DELAY_MS
  -------         PROC          MAIN
  -------         DO            
  D:0008H         SYMBOL        step
  D:000AH         SYMBOL        scan
  D:000BH         SYMBOL        i
  -------         ENDDO         
  C:0944H         LINE#         12
  C:0944H         LINE#         13
  C:094AH         LINE#         14
  C:094DH         LINE#         15
  C:0950H         LINE#         16
  C:0950H         LINE#         17
  C:0959H         LINE#         18
  C:0963H         LINE#         19
  C:096BH         LINE#         20
  C:0970H         LINE#         21
  C:0975H         LINE#         22
  C:0977H         LINE#         23
  C:0977H         LINE#         24
  C:097FH         LINE#         25
  C:097FH         LINE#         26
  -------         ENDPROC       MAIN
  -------         PROC          _DISPLAY
  D:000CH         SYMBOL        step
  D:0003H         SYMBOL        scan
  -------         DO            
  D:0004H         SYMBOL        i
  -------         ENDDO         
  C:0800H         LINE#         28
  C:0806H         LINE#         30
  C:080FH         LINE#         31
  C:0817H         LINE#         32
  C:0824H         LINE#         33
  C:082CH         LINE#         34
  C:082EH         LINE#         35
  C:0831H         LINE#         37
  C:0839H         LINE#         38
  C:0853H         LINE#         39
  C:0858H         LINE#         40
  C:085AH         LINE#         41
  C:085DH         LINE#         43
BL51 BANKED LINKER/LOCATER V6.22.2.0                                                  05/15/2025  11:15:36  PAGE 4


  C:0865H         LINE#         44
  C:087FH         LINE#         45
  C:0884H         LINE#         46
  C:0886H         LINE#         47
  C:0889H         LINE#         49
  C:0891H         LINE#         50
  C:08ABH         LINE#         51
  C:08B0H         LINE#         52
  C:08B2H         LINE#         53
  C:08B5H         LINE#         54
  C:08B8H         LINE#         55
  -------         ENDPROC       _DISPLAY
  -------         PROC          _BEEP
  D:0001H         SYMBOL        i
  -------         DO            
  D:0004H         SYMBOL        j
  -------         ENDDO         
  C:0981H         LINE#         56
  C:0983H         LINE#         58
  C:0989H         LINE#         59
  C:098BH         LINE#         60
  C:098DH         LINE#         61
  C:0994H         LINE#         62
  C:0998H         LINE#         63
  C:099FH         LINE#         64
  C:09A8H         LINE#         65
  C:09AAH         LINE#         66
  -------         ENDPROC       _BEEP
  -------         ENDMOD        TEST

  -------         MODULE        ?C?SIDIV
  C:08B9H         PUBLIC        ?C?SIDIV
  -------         ENDMOD        ?C?SIDIV

  -------         MODULE        ?C?UIDIV
  C:08EFH         PUBLIC        ?C?UIDIV
  -------         ENDMOD        ?C?UIDIV

******************************************************************************
* RESTRICTED VERSION WITH 0800H BYTE CODE SIZE LIMIT; USED: 0157H BYTE (16%) *
******************************************************************************

Program Size: data=15.0 xdata=0 code=482
LINK/LOCATE RUN COMPLETE.  0 WARNING(S),  0 ERROR(S)
