BL51 BANKED LINKER/LOCATER V6.22.2.0                                                    05/01/2025  11:11:23  PAGE 1


BL51 BANKED LINKER/LOCATER V6.22.2.0, INVOKED BY:
C:\KEIL_V5\C51\BIN\BL51.EXE .\Objects\STARTUP.obj, .\Objects\test.obj TO .\Objects\test PRINT (.\Listings\test.m51) RAMS
>> IZE (256)


MEMORY MODEL: SMALL


INPUT MODULES INCLUDED:
  .\Objects\STARTUP.obj (?C_STARTUP)
  .\Objects\test.obj (TEST)


LINK MAP OF MODULE:  .\Objects\test (?C_STARTUP)


            TYPE    BASE      LENGTH    RELOCATION   SEGMENT NAME
            -----------------------------------------------------

            * * * * * * *   D A T A   M E M O R Y   * * * * * * *
            REG     0000H     0008H     ABSOLUTE     "REG BANK 0"
            IDATA   0008H     0001H     UNIT         ?STACK

            * * * * * * *   C O D E   M E M O R Y   * * * * * * *
            CODE    0000H     0003H     ABSOLUTE     
                    0003H     07FDH                  *** GAP ***
            CODE    0800H     0021H     UNIT         ?PR?MAIN?TEST
            CODE    0821H     001CH     UNIT         ?PR?_DELAY_MS?TEST
            CODE    083DH     000CH     UNIT         ?C_C51STARTUP



OVERLAY MAP OF MODULE:   .\Objects\test (?C_STARTUP)


SEGMENT
  +--> CALLED SEGMENT
---------------------
?C_C51STARTUP
  +--> ?PR?MAIN?TEST

?PR?MAIN?TEST
  +--> ?PR?_DELAY_MS?TEST



SYMBOL TABLE OF MODULE:  .\Objects\test (?C_STARTUP)

  VALUE           TYPE          NAME
  ----------------------------------

  -------         MODULE        ?C_STARTUP
  C:083DH         SEGMENT       ?C_C51STARTUP
  I:0008H         SEGMENT       ?STACK
  C:0000H         PUBLIC        ?C_STARTUP
  D:00E0H         SYMBOL        ACC
  D:00F0H         SYMBOL        B
  D:0083H         SYMBOL        DPH
BL51 BANKED LINKER/LOCATER V6.22.2.0                                                  05/01/2025  11:11:23  PAGE 2


  D:0082H         SYMBOL        DPL
  N:0000H         SYMBOL        IBPSTACK
  N:0100H         SYMBOL        IBPSTACKTOP
  N:0080H         SYMBOL        IDATALEN
  C:0840H         SYMBOL        IDATALOOP
  N:0000H         SYMBOL        PBPSTACK
  N:0100H         SYMBOL        PBPSTACKTOP
  N:0000H         SYMBOL        PDATALEN
  N:0000H         SYMBOL        PDATASTART
  N:0000H         SYMBOL        PPAGE
  N:0000H         SYMBOL        PPAGEENABLE
  D:00A0H         SYMBOL        PPAGE_SFR
  D:0081H         SYMBOL        SP
  C:083DH         SYMBOL        STARTUP1
  N:0000H         SYMBOL        XBPSTACK
  N:0000H         SYMBOL        XBPSTACKTOP
  N:0000H         SYMBOL        XDATALEN
  N:0000H         SYMBOL        XDATASTART
  C:0000H         LINE#         126
  C:083DH         LINE#         133
  C:083FH         LINE#         134
  C:0840H         LINE#         135
  C:0841H         LINE#         136
  C:0843H         LINE#         185
  C:0846H         LINE#         196
  -------         ENDMOD        ?C_STARTUP

  -------         MODULE        TEST
  C:0000H         SYMBOL        _ICE_DUMMY_
  C:0800H         PUBLIC        main
  C:0827H         PUBLIC        _Delay_ms
  D:0080H         PUBLIC        LED
  -------         PROC          L?0017
  -------         ENDPROC       L?0017
  -------         PROC          _DELAY_MS
  D:0006H         SYMBOL        dly
  -------         DO            
  D:0005H         SYMBOL        dly1
  -------         ENDDO         
  C:0827H         LINE#         29
  C:0827H         LINE#         30
  C:0827H         LINE#         32
  C:0831H         LINE#         33
  C:083CH         LINE#         34
  -------         ENDPROC       _DELAY_MS
  -------         PROC          MAIN
  -------         DO            
  D:0003H         SYMBOL        i
  D:0004H         SYMBOL        j
  -------         ENDDO         
  C:0800H         LINE#         3
  C:0800H         LINE#         5
  C:0802H         LINE#         6
  C:0802H         LINE#         7
  C:0804H         LINE#         8
  C:0804H         LINE#         9
  C:0807H         LINE#         10
BL51 BANKED LINKER/LOCATER V6.22.2.0                                                  05/01/2025  11:11:23  PAGE 3


  C:080BH         LINE#         11
  C:080FH         LINE#         12
  C:0817H         LINE#         13
  C:0817H         LINE#         14
  C:081AH         LINE#         15
  C:081EH         LINE#         16
  -------         ENDPROC       MAIN
  -------         ENDMOD        TEST

******************************************************************************
* RESTRICTED VERSION WITH 0800H BYTE CODE SIZE LIMIT; USED: 004CH BYTE ( 3%) *
******************************************************************************

Program Size: data=9.0 xdata=0 code=76
LINK/LOCATE RUN COMPLETE.  0 WARNING(S),  0 ERROR(S)
