BL51 BANKED LINKER/LOCATER V6.22.2.0                                                    04/10/2025  10:06:24  PAGE 1


BL51 BANKED LINKER/LOCATER V6.22.2.0, INVOKED BY:
C:\KEIL_V5\C51\BIN\BL51.EXE .\Objects\STARTUP.obj, .\Objects\test.obj TO .\Objects\test PRINT (.\Listings\test.m51) RAMS
>> IZE (256)


MEMORY MODEL: SMALL


INPUT MODULES INCLUDED:
  .\Objects\STARTUP.obj (?C_STARTUP)
  .\Objects\test.obj (TEST)
  C:\KEIL_V5\C51\LIB\C51S.LIB (?C_INIT)


LINK MAP OF MODULE:  .\Objects\test (?C_STARTUP)


            TYPE    BASE      LENGTH    RELOCATION   SEGMENT NAME
            -----------------------------------------------------

            * * * * * * *   D A T A   M E M O R Y   * * * * * * *
            REG     0000H     0008H     ABSOLUTE     "REG BANK 0"
            DATA    0008H     0008H     UNIT         ?DT?TEST
            IDATA   0010H     0001H     UNIT         ?STACK

            * * * * * * *   C O D E   M E M O R Y   * * * * * * *
            CODE    0000H     0003H     ABSOLUTE     
                    0003H     07FDH                  *** GAP ***
            CODE    0800H     008CH     UNIT         ?C_C51STARTUP
            CODE    088CH     0032H     UNIT         ?PR?MAIN?TEST
            CODE    08BEH     001AH     UNIT         ?PR?_DELAY_MS?TEST
            CODE    08D8H     000BH     UNIT         ?C_INITSEG



OVERLAY MAP OF MODULE:   .\Objects\test (?C_STARTUP)


SEGMENT
  +--> CALLED SEGMENT
---------------------
?C_C51STARTUP
  +--> ?PR?MAIN?TEST
  +--> ?C_INITSEG

?PR?MAIN?TEST
  +--> ?PR?_DELAY_MS?TEST



SYMBOL TABLE OF MODULE:  .\Objects\test (?C_STARTUP)

  VALUE           TYPE          NAME
  ----------------------------------

  -------         MODULE        ?C_STARTUP
  C:0800H         SEGMENT       ?C_C51STARTUP
  I:0010H         SEGMENT       ?STACK
BL51 BANKED LINKER/LOCATER V6.22.2.0                                                  04/10/2025  10:06:24  PAGE 2


  C:0000H         PUBLIC        ?C_STARTUP
  D:00E0H         SYMBOL        ACC
  D:00F0H         SYMBOL        B
  D:0083H         SYMBOL        DPH
  D:0082H         SYMBOL        DPL
  N:0000H         SYMBOL        IBPSTACK
  N:0100H         SYMBOL        IBPSTACKTOP
  N:0080H         SYMBOL        IDATALEN
  C:0803H         SYMBOL        IDATALOOP
  N:0000H         SYMBOL        PBPSTACK
  N:0100H         SYMBOL        PBPSTACKTOP
  N:0000H         SYMBOL        PDATALEN
  N:0000H         SYMBOL        PDATASTART
  N:0000H         SYMBOL        PPAGE
  N:0000H         SYMBOL        PPAGEENABLE
  D:00A0H         SYMBOL        PPAGE_SFR
  D:0081H         SYMBOL        SP
  C:0800H         SYMBOL        STARTUP1
  N:0000H         SYMBOL        XBPSTACK
  N:0000H         SYMBOL        XBPSTACKTOP
  N:0000H         SYMBOL        XDATALEN
  N:0000H         SYMBOL        XDATASTART
  C:0000H         LINE#         126
  C:0800H         LINE#         133
  C:0802H         LINE#         134
  C:0803H         LINE#         135
  C:0804H         LINE#         136
  C:0806H         LINE#         185
  C:0809H         LINE#         196
  -------         ENDMOD        ?C_STARTUP

  -------         MODULE        TEST
  C:0000H         SYMBOL        _ICE_DUMMY_
  C:088CH         PUBLIC        main
  C:08C2H         PUBLIC        _Delay_ms
  D:0080H         PUBLIC        LED
  D:0008H         PUBLIC        TABLE
  C:08BEH         SYMBOL        L?0011
  -------         PROC          L?0010
  -------         ENDPROC       L?0010
  C:08BEH         SYMBOL        L?0011
  -------         PROC          _DELAY_MS
  D:0006H         SYMBOL        dly
  -------         DO            
  D:0005H         SYMBOL        dly1
  -------         ENDDO         
  C:08C2H         LINE#         29
  C:08C2H         LINE#         30
  C:08C2H         LINE#         32
  C:08CCH         LINE#         33
  C:08D7H         LINE#         34
  -------         ENDPROC       _DELAY_MS
  -------         PROC          MAIN
  -------         DO            
  C:088CH         SYMBOL        loop
  -------         ENDDO         
  C:088CH         LINE#         4
BL51 BANKED LINKER/LOCATER V6.22.2.0                                                  04/10/2025  10:06:24  PAGE 3


  C:088CH         LINE#         5
  C:088CH         LINE#         6
  C:088CH         LINE#         7
  C:088FH         LINE#         8
  C:0892H         LINE#         9
  C:0895H         LINE#         10
  C:0898H         LINE#         11
  C:089BH         LINE#         12
  C:089EH         LINE#         13
  C:08A1H         LINE#         14
  C:08A4H         LINE#         15
  C:08A7H         LINE#         16
  C:08AAH         LINE#         17
  C:08ADH         LINE#         18
  C:08B0H         LINE#         19
  C:08B3H         LINE#         20
  C:08B6H         LINE#         21
  C:08B9H         LINE#         22
  C:08BCH         LINE#         23
  -------         ENDPROC       MAIN
  -------         ENDMOD        TEST

******************************************************************************
* RESTRICTED VERSION WITH 0800H BYTE CODE SIZE LIMIT; USED: 0065H BYTE ( 4%) *
******************************************************************************

Program Size: data=17.0 xdata=0 code=230
LINK/LOCATE RUN COMPLETE.  0 WARNING(S),  0 ERROR(S)
