BL51 BANKED LINKER/LOCATER V6.22.2.0                                                    04/10/2025  09:25:07  PAGE 1


BL51 BANKED LINKER/LOCATER V6.22.2.0, INVOKED BY:
C:\KEIL_V5\C51\BIN\BL51.EXE .\Objects\STARTUP.obj, .\Objects\test.obj TO .\Objects\test PRINT (.\Listings\test.m51) RAMS
>> IZE (256)


MEMORY MODEL: SMALL


INPUT MODULES INCLUDED:
  .\Objects\STARTUP.obj (?C_STARTUP)
  .\Objects\test.obj (TEST)
  C:\KEIL_V5\C51\LIB\C51S.LIB (?C_INIT)


LINK MAP OF MODULE:  .\Objects\test (?C_STARTUP)


            TYPE    BASE      LENGTH    RELOCATION   SEGMENT NAME
            -----------------------------------------------------

            * * * * * * *   D A T A   M E M O R Y   * * * * * * *
            REG     0000H     0008H     ABSOLUTE     "REG BANK 0"
            DATA    0008H     0001H     UNIT         ?DT?TEST
            IDATA   0009H     0001H     UNIT         ?STACK

            * * * * * * *   C O D E   M E M O R Y   * * * * * * *
            CODE    0000H     0003H     ABSOLUTE     
                    0003H     07FDH                  *** GAP ***
            CODE    0800H     008CH     UNIT         ?C_C51STARTUP
            CODE    088CH     0008H     UNIT         ?PR?MAIN?TEST
            CODE    0894H     0006H     UNIT         ?PR?TEST1?TEST
            CODE    089AH     0006H     UNIT         ?PR?TEST2?TEST
            CODE    08A0H     0004H     UNIT         ?C_INITSEG



OVERLAY MAP OF MODULE:   .\Objects\test (?C_STARTUP)


SEGMENT
  +--> CALLED SEGMENT
---------------------
?C_C51STARTUP
  +--> ?PR?MAIN?TEST
  +--> ?C_INITSEG

?PR?MAIN?TEST
  +--> ?PR?TEST1?TEST
  +--> ?PR?TEST2?TEST



SYMBOL TABLE OF MODULE:  .\Objects\test (?C_STARTUP)

  VALUE           TYPE          NAME
  ----------------------------------

  -------         MODULE        ?C_STARTUP
BL51 BANKED LINKER/LOCATER V6.22.2.0                                                  04/10/2025  09:25:07  PAGE 2


  C:0800H         SEGMENT       ?C_C51STARTUP
  I:0009H         SEGMENT       ?STACK
  C:0000H         PUBLIC        ?C_STARTUP
  D:00E0H         SYMBOL        ACC
  D:00F0H         SYMBOL        B
  D:0083H         SYMBOL        DPH
  D:0082H         SYMBOL        DPL
  N:0000H         SYMBOL        IBPSTACK
  N:0100H         SYMBOL        IBPSTACKTOP
  N:0080H         SYMBOL        IDATALEN
  C:0803H         SYMBOL        IDATALOOP
  N:0000H         SYMBOL        PBPSTACK
  N:0100H         SYMBOL        PBPSTACKTOP
  N:0000H         SYMBOL        PDATALEN
  N:0000H         SYMBOL        PDATASTART
  N:0000H         SYMBOL        PPAGE
  N:0000H         SYMBOL        PPAGEENABLE
  D:00A0H         SYMBOL        PPAGE_SFR
  D:0081H         SYMBOL        SP
  C:0800H         SYMBOL        STARTUP1
  N:0000H         SYMBOL        XBPSTACK
  N:0000H         SYMBOL        XBPSTACKTOP
  N:0000H         SYMBOL        XDATALEN
  N:0000H         SYMBOL        XDATASTART
  C:0000H         LINE#         126
  C:0800H         LINE#         133
  C:0802H         LINE#         134
  C:0803H         LINE#         135
  C:0804H         LINE#         136
  C:0806H         LINE#         185
  C:0809H         LINE#         196
  -------         ENDMOD        ?C_STARTUP

  -------         MODULE        TEST
  C:0000H         SYMBOL        _ICE_DUMMY_
  D:0080H         PUBLIC        P0
  D:0090H         PUBLIC        P1
  C:088CH         PUBLIC        main
  C:0894H         PUBLIC        test1
  C:089AH         PUBLIC        test2
  -------         PROC          TEST1
  -------         DO            
  D:0008H         SYMBOL        i
  -------         ENDDO         
  C:0894H         LINE#         3
  C:0894H         LINE#         5
  C:0896H         LINE#         6
  C:0899H         LINE#         7
  -------         ENDPROC       TEST1
  -------         PROC          TEST2
  -------         DO            
  D:0007H         SYMBOL        j
  -------         ENDDO         
  C:089AH         LINE#         8
  C:089AH         LINE#         9
  C:089CH         LINE#         10
  C:089DH         LINE#         11
BL51 BANKED LINKER/LOCATER V6.22.2.0                                                  04/10/2025  09:25:07  PAGE 3


  C:089FH         LINE#         12
  -------         ENDPROC       TEST2
  -------         PROC          MAIN
  -------         DO            
  C:088CH         SYMBOL        loop
  -------         ENDDO         
  C:088CH         LINE#         13
  C:088CH         LINE#         14
  C:088CH         LINE#         15
  C:088FH         LINE#         16
  C:0892H         LINE#         17
  -------         ENDPROC       MAIN
  -------         ENDMOD        TEST

******************************************************************************
* RESTRICTED VERSION WITH 0800H BYTE CODE SIZE LIMIT; USED: 0026H BYTE ( 1%) *
******************************************************************************

Program Size: data=10.0 xdata=0 code=167
LINK/LOCATE RUN COMPLETE.  0 WARNING(S),  0 ERROR(S)
