BL51 BANKED LINKER/LOCATER V6.22.2.0                                                    04/24/2025  11:21:50  PAGE 1


BL51 BANKED LINKER/LOCATER V6.22.2.0, INVOKED BY:
C:\KEIL_V5\C51\BIN\BL51.EXE .\Objects\STARTUP.obj, .\Objects\test.obj TO .\Objects\test PRINT (.\Listings\test.m51) RAMS
>> IZE (256)


MEMORY MODEL: SMALL


INPUT MODULES INCLUDED:
  .\Objects\STARTUP.obj (?C_STARTUP)
  .\Objects\test.obj (TEST)
  C:\KEIL_V5\C51\LIB\C51S.LIB (?C?SCDIV)


LINK MAP OF MODULE:  .\Objects\test (?C_STARTUP)


            TYPE    BASE      LENGTH    RELOCATION   SEGMENT NAME
            -----------------------------------------------------

            * * * * * * *   D A T A   M E M O R Y   * * * * * * *
            REG     0000H     0008H     ABSOLUTE     "REG BANK 0"
            IDATA   0008H     0001H     UNIT         ?STACK

            * * * * * * *   C O D E   M E M O R Y   * * * * * * *
            CODE    0000H     0003H     ABSOLUTE     
                    0003H     07FDH                  *** GAP ***
            CODE    0800H     002EH     UNIT         ?PR?MAIN?TEST
            CODE    082EH     0022H     UNIT         ?C?LIB_CODE
            CODE    0850H     0016H     UNIT         ?PR?_DELAY_MS?TEST
            CODE    0866H     000CH     UNIT         ?C_C51STARTUP



OVERLAY MAP OF MODULE:   .\Objects\test (?C_STARTUP)


SEGMENT
  +--> CALLED SEGMENT
---------------------
?C_C51STARTUP
  +--> ?PR?MAIN?TEST

?PR?MAIN?TEST
  +--> ?PR?_DELAY_MS?TEST



SYMBOL TABLE OF MODULE:  .\Objects\test (?C_STARTUP)

  VALUE           TYPE          NAME
  ----------------------------------

  -------         MODULE        ?C_STARTUP
  C:0866H         SEGMENT       ?C_C51STARTUP
  I:0008H         SEGMENT       ?STACK
  C:0000H         PUBLIC        ?C_STARTUP
  D:00E0H         SYMBOL        ACC
BL51 BANKED LINKER/LOCATER V6.22.2.0                                                  04/24/2025  11:21:50  PAGE 2


  D:00F0H         SYMBOL        B
  D:0083H         SYMBOL        DPH
  D:0082H         SYMBOL        DPL
  N:0000H         SYMBOL        IBPSTACK
  N:0100H         SYMBOL        IBPSTACKTOP
  N:0080H         SYMBOL        IDATALEN
  C:0869H         SYMBOL        IDATALOOP
  N:0000H         SYMBOL        PBPSTACK
  N:0100H         SYMBOL        PBPSTACKTOP
  N:0000H         SYMBOL        PDATALEN
  N:0000H         SYMBOL        PDATASTART
  N:0000H         SYMBOL        PPAGE
  N:0000H         SYMBOL        PPAGEENABLE
  D:00A0H         SYMBOL        PPAGE_SFR
  D:0081H         SYMBOL        SP
  C:0866H         SYMBOL        STARTUP1
  N:0000H         SYMBOL        XBPSTACK
  N:0000H         SYMBOL        XBPSTACKTOP
  N:0000H         SYMBOL        XDATALEN
  N:0000H         SYMBOL        XDATASTART
  C:0000H         LINE#         126
  C:0866H         LINE#         133
  C:0868H         LINE#         134
  C:0869H         LINE#         135
  C:086AH         LINE#         136
  C:086CH         LINE#         185
  C:086FH         LINE#         196
  -------         ENDMOD        ?C_STARTUP

  -------         MODULE        TEST
  C:0000H         SYMBOL        _ICE_DUMMY_
  C:0800H         PUBLIC        main
  C:0850H         PUBLIC        _Delay_ms
  D:0080H         PUBLIC        LED
  -------         PROC          _DELAY_MS
  D:0006H         SYMBOL        dly
  -------         DO            
  D:0005H         SYMBOL        dly1
  -------         ENDDO         
  C:0850H         LINE#         29
  C:0850H         LINE#         30
  C:0850H         LINE#         32
  C:085AH         LINE#         33
  C:0865H         LINE#         34
  -------         ENDPROC       _DELAY_MS
  -------         PROC          MAIN
  -------         DO            
  D:0004H         SYMBOL        i
  C:0802H         SYMBOL        loop
  -------         ENDDO         
  C:0800H         LINE#         3
  C:0800H         LINE#         4
  C:0800H         LINE#         5
  C:0802H         LINE#         6
  C:0802H         LINE#         7
  C:081AH         LINE#         8
  C:081BH         LINE#         9
BL51 BANKED LINKER/LOCATER V6.22.2.0                                                  04/24/2025  11:21:50  PAGE 3


  C:0822H         LINE#         10
  C:082AH         LINE#         11
  C:082CH         LINE#         12
  -------         ENDPROC       MAIN
  -------         ENDMOD        TEST

  -------         MODULE        ?C?SCDIV
  C:082EH         PUBLIC        ?C?SCDIV
  -------         ENDMOD        ?C?SCDIV

******************************************************************************
* RESTRICTED VERSION WITH 0800H BYTE CODE SIZE LIMIT; USED: 0053H BYTE ( 4%) *
******************************************************************************

Program Size: data=9.0 xdata=0 code=117
LINK/LOCATE RUN COMPLETE.  0 WARNING(S),  0 ERROR(S)
