BL51 BANKED LINKER/LOCATER V6.22.2.0                                                    04/24/2025  11:09:34  PAGE 1


BL51 BANKED LINKER/LOCATER V6.22.2.0, INVOKED BY:
C:\KEIL_V5\C51\BIN\BL51.EXE .\Objects\STARTUP.obj, .\Objects\test.obj TO .\Objects\test PRINT (.\Listings\test.m51) RAMS
>> IZE (256)


MEMORY MODEL: SMALL


INPUT MODULES INCLUDED:
  .\Objects\STARTUP.obj (?C_STARTUP)
  .\Objects\test.obj (TEST)
  C:\KEIL_V5\C51\LIB\C51S.LIB (?C?CLDPTR)


LINK MAP OF MODULE:  .\Objects\test (?C_STARTUP)


            TYPE    BASE      LENGTH    RELOCATION   SEGMENT NAME
            -----------------------------------------------------

            * * * * * * *   D A T A   M E M O R Y   * * * * * * *
            REG     0000H     0008H     ABSOLUTE     "REG BANK 0"
            DATA    0008H     0003H     UNIT         _DATA_GROUP_
            IDATA   000BH     0001H     UNIT         ?STACK

            * * * * * * *   C O D E   M E M O R Y   * * * * * * *
            CODE    0000H     0003H     ABSOLUTE     
                    0003H     07FDH                  *** GAP ***
            CODE    0800H     0100H     UNIT         ?CO?TEST
            CODE    0900H     003FH     UNIT         ?PR?MAIN?TEST
            CODE    093FH     0019H     UNIT         ?C?LIB_CODE
            CODE    0958H     0016H     UNIT         ?PR?_DELAY_MS?TEST
            CODE    096EH     000CH     UNIT         ?C_C51STARTUP



OVERLAY MAP OF MODULE:   .\Objects\test (?C_STARTUP)


SEGMENT                          DATA_GROUP 
  +--> CALLED SEGMENT          START    LENGTH
----------------------------------------------
?C_C51STARTUP                  -----    -----
  +--> ?PR?MAIN?TEST

?PR?MAIN?TEST                  0008H    0003H
  +--> ?CO?TEST
  +--> ?PR?_DELAY_MS?TEST



SYMBOL TABLE OF MODULE:  .\Objects\test (?C_STARTUP)

  VALUE           TYPE          NAME
  ----------------------------------

  -------         MODULE        ?C_STARTUP
  C:096EH         SEGMENT       ?C_C51STARTUP
BL51 BANKED LINKER/LOCATER V6.22.2.0                                                  04/24/2025  11:09:34  PAGE 2


  I:000BH         SEGMENT       ?STACK
  C:0000H         PUBLIC        ?C_STARTUP
  D:00E0H         SYMBOL        ACC
  D:00F0H         SYMBOL        B
  D:0083H         SYMBOL        DPH
  D:0082H         SYMBOL        DPL
  N:0000H         SYMBOL        IBPSTACK
  N:0100H         SYMBOL        IBPSTACKTOP
  N:0080H         SYMBOL        IDATALEN
  C:0971H         SYMBOL        IDATALOOP
  N:0000H         SYMBOL        PBPSTACK
  N:0100H         SYMBOL        PBPSTACKTOP
  N:0000H         SYMBOL        PDATALEN
  N:0000H         SYMBOL        PDATASTART
  N:0000H         SYMBOL        PPAGE
  N:0000H         SYMBOL        PPAGEENABLE
  D:00A0H         SYMBOL        PPAGE_SFR
  D:0081H         SYMBOL        SP
  C:096EH         SYMBOL        STARTUP1
  N:0000H         SYMBOL        XBPSTACK
  N:0000H         SYMBOL        XBPSTACKTOP
  N:0000H         SYMBOL        XDATALEN
  N:0000H         SYMBOL        XDATASTART
  C:0000H         LINE#         126
  C:096EH         LINE#         133
  C:0970H         LINE#         134
  C:0971H         LINE#         135
  C:0972H         LINE#         136
  C:0974H         LINE#         185
  C:0977H         LINE#         196
  -------         ENDMOD        ?C_STARTUP

  -------         MODULE        TEST
  C:0000H         SYMBOL        _ICE_DUMMY_
  C:0900H         PUBLIC        main
  C:0958H         PUBLIC        _Delay_ms
  D:0080H         PUBLIC        LED
  C:0800H         PUBLIC        TABLE
  -------         PROC          _DELAY_MS
  D:0006H         SYMBOL        dly
  -------         DO            
  D:0005H         SYMBOL        dly1
  -------         ENDDO         
  C:0958H         LINE#         29
  C:0958H         LINE#         30
  C:0958H         LINE#         32
  C:0962H         LINE#         33
  C:096DH         LINE#         34
  -------         ENDPROC       _DELAY_MS
  -------         PROC          MAIN
  -------         DO            
  D:0008H         SYMBOL        point
  C:0909H         SYMBOL        loop
  -------         ENDDO         
  C:0900H         LINE#         4
  C:0900H         LINE#         6
  C:0909H         LINE#         7
BL51 BANKED LINKER/LOCATER V6.22.2.0                                                  04/24/2025  11:09:34  PAGE 3


  C:0909H         LINE#         8
  C:0914H         LINE#         9
  C:091FH         LINE#         10
  C:0936H         LINE#         11
  C:093DH         LINE#         12
  -------         ENDPROC       MAIN
  -------         ENDMOD        TEST

  -------         MODULE        ?C?CLDPTR
  C:093FH         PUBLIC        ?C?CLDPTR
  -------         ENDMOD        ?C?CLDPTR

******************************************************************************
* RESTRICTED VERSION WITH 0800H BYTE CODE SIZE LIMIT; USED: 0164H BYTE (17%) *
******************************************************************************

Program Size: data=12.0 xdata=0 code=381
LINK/LOCATE RUN COMPLETE.  0 WARNING(S),  0 ERROR(S)
