BL51 BANKED LINKER/LOCATER V6.22.2.0                                                    04/24/2025  11:39:11  PAGE 1


BL51 BANKED LINKER/LOCATER V6.22.2.0, INVOKED BY:
C:\KEIL_V5\C51\BIN\BL51.EXE .\Objects\STARTUP.obj, .\Objects\test.obj TO .\Objects\test PRINT (.\Listings\test.m51) RAMS
>> IZE (256)


MEMORY MODEL: SMALL


INPUT MODULES INCLUDED:
  .\Objects\STARTUP.obj (?C_STARTUP)
  .\Objects\test.obj (TEST)
  C:\KEIL_V5\C51\LIB\C51S.LIB (?C?SCDIV)


LINK MAP OF MODULE:  .\Objects\test (?C_STARTUP)


            TYPE    BASE      LENGTH    RELOCATION   SEGMENT NAME
            -----------------------------------------------------

            * * * * * * *   D A T A   M E M O R Y   * * * * * * *
            REG     0000H     0008H     ABSOLUTE     "REG BANK 0"
            IDATA   0008H     0001H     UNIT         ?STACK

            * * * * * * *   C O D E   M E M O R Y   * * * * * * *
            CODE    0000H     0003H     ABSOLUTE     
                    0003H     07FDH                  *** GAP ***
            CODE    0800H     0076H     UNIT         ?PR?MAIN?TEST
            CODE    0876H     0022H     UNIT         ?C?LIB_CODE
            CODE    0898H     0016H     UNIT         ?PR?_DELAY_MS?TEST
            CODE    08AEH     000CH     UNIT         ?C_C51STARTUP



OVERLAY MAP OF MODULE:   .\Objects\test (?C_STARTUP)


SEGMENT
  +--> CALLED SEGMENT
---------------------
?C_C51STARTUP
  +--> ?PR?MAIN?TEST

?PR?MAIN?TEST
  +--> ?PR?_DELAY_MS?TEST



SYMBOL TABLE OF MODULE:  .\Objects\test (?C_STARTUP)

  VALUE           TYPE          NAME
  ----------------------------------

  -------         MODULE        ?C_STARTUP
  C:08AEH         SEGMENT       ?C_C51STARTUP
  I:0008H         SEGMENT       ?STACK
  C:0000H         PUBLIC        ?C_STARTUP
  D:00E0H         SYMBOL        ACC
BL51 BANKED LINKER/LOCATER V6.22.2.0                                                  04/24/2025  11:39:11  PAGE 2


  D:00F0H         SYMBOL        B
  D:0083H         SYMBOL        DPH
  D:0082H         SYMBOL        DPL
  N:0000H         SYMBOL        IBPSTACK
  N:0100H         SYMBOL        IBPSTACKTOP
  N:0080H         SYMBOL        IDATALEN
  C:08B1H         SYMBOL        IDATALOOP
  N:0000H         SYMBOL        PBPSTACK
  N:0100H         SYMBOL        PBPSTACKTOP
  N:0000H         SYMBOL        PDATALEN
  N:0000H         SYMBOL        PDATASTART
  N:0000H         SYMBOL        PPAGE
  N:0000H         SYMBOL        PPAGEENABLE
  D:00A0H         SYMBOL        PPAGE_SFR
  D:0081H         SYMBOL        SP
  C:08AEH         SYMBOL        STARTUP1
  N:0000H         SYMBOL        XBPSTACK
  N:0000H         SYMBOL        XBPSTACKTOP
  N:0000H         SYMBOL        XDATALEN
  N:0000H         SYMBOL        XDATASTART
  C:0000H         LINE#         126
  C:08AEH         LINE#         133
  C:08B0H         LINE#         134
  C:08B1H         LINE#         135
  C:08B2H         LINE#         136
  C:08B4H         LINE#         185
  C:08B7H         LINE#         196
  -------         ENDMOD        ?C_STARTUP

  -------         MODULE        TEST
  C:0000H         SYMBOL        _ICE_DUMMY_
  D:0080H         PUBLIC        P0
  D:0090H         PUBLIC        P1
  D:00A0H         PUBLIC        P2
  C:0800H         PUBLIC        main
  C:0898H         PUBLIC        _Delay_ms
  -------         PROC          _DELAY_MS
  D:0006H         SYMBOL        dly
  -------         DO            
  D:0005H         SYMBOL        dly1
  -------         ENDDO         
  C:0898H         LINE#         29
  C:0898H         LINE#         30
  C:0898H         LINE#         32
  C:08A2H         LINE#         33
  C:08ADH         LINE#         34
  -------         ENDPROC       _DELAY_MS
  -------         PROC          MAIN
  -------         DO            
  D:0001H         SYMBOL        hor
  D:0004H         SYMBOL        min
  D:0003H         SYMBOL        sec
  C:0806H         SYMBOL        loop
  -------         ENDDO         
  C:0800H         LINE#         2
  C:0800H         LINE#         3
  C:0800H         LINE#         4
BL51 BANKED LINKER/LOCATER V6.22.2.0                                                  04/24/2025  11:39:11  PAGE 3


  C:0806H         LINE#         5
  C:0806H         LINE#         6
  C:081EH         LINE#         7
  C:0836H         LINE#         8
  C:084EH         LINE#         9
  C:0855H         LINE#         10
  C:0856H         LINE#         11
  C:085EH         LINE#         12
  C:0861H         LINE#         13
  C:0868H         LINE#         14
  C:086BH         LINE#         15
  C:0872H         LINE#         16
  C:0874H         LINE#         17
  -------         ENDPROC       MAIN
  -------         ENDMOD        TEST

  -------         MODULE        ?C?SCDIV
  C:0876H         PUBLIC        ?C?SCDIV
  -------         ENDMOD        ?C?SCDIV

******************************************************************************
* RESTRICTED VERSION WITH 0800H BYTE CODE SIZE LIMIT; USED: 009BH BYTE ( 7%) *
******************************************************************************

Program Size: data=9.0 xdata=0 code=189
LINK/LOCATE RUN COMPLETE.  0 WARNING(S),  0 ERROR(S)
