BL51 BANKED LINKER/LOCATER V6.22.2.0                                                    03/27/2025  11:26:49  PAGE 1


BL51 BANKED LINKER/LOCATER V6.22.2.0, INVOKED BY:
C:\KEIL_V5\C51\BIN\BL51.EXE .\Objects\STARTUP.obj, .\Objects\test.obj, .\Objects\func.obj TO .\Objects\test PRINT (.\Lis
>> tings\test.m51) RAMSIZE (256)


MEMORY MODEL: SMALL


INPUT MODULES INCLUDED:
  .\Objects\STARTUP.obj (?C_STARTUP)
  .\Objects\test.obj (TEST)
  .\Objects\func.obj (FUNC)
  C:\KEIL_V5\C51\LIB\C51S.LIB (?C?IILDPTR)
  C:\KEIL_V5\C51\LIB\C51S.LIB (?C?IILDX)


LINK MAP OF MODULE:  .\Objects\test (?C_STARTUP)


            TYPE    BASE      LENGTH    RELOCATION   SEGMENT NAME
            -----------------------------------------------------

            * * * * * * *   D A T A   M E M O R Y   * * * * * * *
            REG     0000H     0008H     ABSOLUTE     "REG BANK 0"
            DATA    0008H     0002H     UNIT         _DATA_GROUP_
            IDATA   000AH     0001H     UNIT         ?STACK

            * * * * * * *   C O D E   M E M O R Y   * * * * * * *
            CODE    0000H     0003H     ABSOLUTE     
                    0003H     07FDH                  *** GAP ***
            CODE    0800H     004EH     UNIT         ?C?LIB_CODE
            CODE    084EH     0018H     UNIT         ?PR?MAIN?TEST
            CODE    0866H     000CH     UNIT         ?C_C51STARTUP
            CODE    0872H     0007H     UNIT         ?PR?_FUNC?FUNC



OVERLAY MAP OF MODULE:   .\Objects\test (?C_STARTUP)


SEGMENT                          DATA_GROUP 
  +--> CALLED SEGMENT          START    LENGTH
----------------------------------------------
?C_C51STARTUP                  -----    -----
  +--> ?PR?MAIN?TEST

?PR?MAIN?TEST                  0008H    0002H
  +--> ?PR?_FUNC?FUNC



SYMBOL TABLE OF MODULE:  .\Objects\test (?C_STARTUP)

  VALUE           TYPE          NAME
  ----------------------------------

  -------         MODULE        ?C_STARTUP
  C:0866H         SEGMENT       ?C_C51STARTUP
BL51 BANKED LINKER/LOCATER V6.22.2.0                                                  03/27/2025  11:26:49  PAGE 2


  I:000AH         SEGMENT       ?STACK
  C:0000H         PUBLIC        ?C_STARTUP
  D:00E0H         SYMBOL        ACC
  D:00F0H         SYMBOL        B
  D:0083H         SYMBOL        DPH
  D:0082H         SYMBOL        DPL
  N:0000H         SYMBOL        IBPSTACK
  N:0100H         SYMBOL        IBPSTACKTOP
  N:0080H         SYMBOL        IDATALEN
  C:0869H         SYMBOL        IDATALOOP
  N:0000H         SYMBOL        PBPSTACK
  N:0100H         SYMBOL        PBPSTACKTOP
  N:0000H         SYMBOL        PDATALEN
  N:0000H         SYMBOL        PDATASTART
  N:0000H         SYMBOL        PPAGE
  N:0000H         SYMBOL        PPAGEENABLE
  D:00A0H         SYMBOL        PPAGE_SFR
  D:0081H         SYMBOL        SP
  C:0866H         SYMBOL        STARTUP1
  N:0000H         SYMBOL        XBPSTACK
  N:0000H         SYMBOL        XBPSTACKTOP
  N:0000H         SYMBOL        XDATALEN
  N:0000H         SYMBOL        XDATASTART
  C:0000H         LINE#         126
  C:0866H         LINE#         133
  C:0868H         LINE#         134
  C:0869H         LINE#         135
  C:086AH         LINE#         136
  C:086CH         LINE#         185
  C:086FH         LINE#         196
  -------         ENDMOD        ?C_STARTUP

  -------         MODULE        TEST
  C:0000H         SYMBOL        _ICE_DUMMY_
  C:084EH         PUBLIC        main
  -------         PROC          MAIN
  -------         DO            
  D:0008H         SYMBOL        i
  C:0853H         SYMBOL        loop
  -------         ENDDO         
  C:084EH         LINE#         2
  C:084EH         LINE#         3
  C:0853H         LINE#         4
  C:0853H         LINE#         5
  C:085BH         LINE#         6
  C:0864H         LINE#         7
  -------         ENDPROC       MAIN
  -------         ENDMOD        TEST

  -------         MODULE        FUNC
  C:0000H         SYMBOL        _ICE_DUMMY_
  C:0872H         PUBLIC        _func
  -------         PROC          _FUNC
  D:0001H         SYMBOL        i
  C:0872H         LINE#         1
  C:0872H         LINE#         2
  -------         ENDPROC       _FUNC
BL51 BANKED LINKER/LOCATER V6.22.2.0                                                  03/27/2025  11:26:49  PAGE 3


  -------         ENDMOD        FUNC

  -------         MODULE        ?C?IILDPTR
  C:0800H         PUBLIC        ?C?IILDPTR
  -------         ENDMOD        ?C?IILDPTR

  -------         MODULE        ?C?IILDX
  C:0838H         PUBLIC        ?C?IILDX
  -------         ENDMOD        ?C?IILDX

******************************************************************************
* RESTRICTED VERSION WITH 0800H BYTE CODE SIZE LIMIT; USED: 002EH BYTE ( 2%) *
******************************************************************************

Program Size: data=11.0 xdata=0 code=124
LINK/LOCATE RUN COMPLETE.  0 WARNING(S),  0 ERROR(S)
