BL51 BANKED LINKER/LOCATER V6.22.2.0                                                    05/08/2025  11:36:53  PAGE 1


BL51 BANKED LINKER/LOCATER V6.22.2.0, INVOKED BY:
C:\KEIL_V5\C51\BIN\BL51.EXE .\Objects\STARTUP.obj, .\Objects\test.obj TO .\Objects\test PRINT (.\Listings\test.m51) RAMS
>> IZE (256)


MEMORY MODEL: SMALL


INPUT MODULES INCLUDED:
  .\Objects\STARTUP.obj (?C_STARTUP)
  .\Objects\test.obj (TEST)


LINK MAP OF MODULE:  .\Objects\test (?C_STARTUP)


            TYPE    BASE      LENGTH    RELOCATION   SEGMENT NAME
            -----------------------------------------------------

            * * * * * * *   D A T A   M E M O R Y   * * * * * * *
            REG     0000H     0008H     ABSOLUTE     "REG BANK 0"
            IDATA   0008H     0001H     UNIT         ?STACK

            * * * * * * *   C O D E   M E M O R Y   * * * * * * *
            CODE    0000H     0003H     ABSOLUTE     
                    0003H     07FDH                  *** GAP ***
            CODE    0800H     0021H     UNIT         ?PR?MAIN?TEST
            CODE    0821H     0016H     UNIT         ?PR?_DELAY_MS?TEST
            CODE    0837H     000CH     UNIT         ?C_C51STARTUP



OVERLAY MAP OF MODULE:   .\Objects\test (?C_STARTUP)


SEGMENT
  +--> CALLED SEGMENT
---------------------
?C_C51STARTUP
  +--> ?PR?MAIN?TEST

?PR?MAIN?TEST
  +--> ?PR?_DELAY_MS?TEST



SYMBOL TABLE OF MODULE:  .\Objects\test (?C_STARTUP)

  VALUE           TYPE          NAME
  ----------------------------------

  -------         MODULE        ?C_STARTUP
  C:0837H         SEGMENT       ?C_C51STARTUP
  I:0008H         SEGMENT       ?STACK
  C:0000H         PUBLIC        ?C_STARTUP
  D:00E0H         SYMBOL        ACC
  D:00F0H         SYMBOL        B
  D:0083H         SYMBOL        DPH
BL51 BANKED LINKER/LOCATER V6.22.2.0                                                  05/08/2025  11:36:53  PAGE 2


  D:0082H         SYMBOL        DPL
  N:0000H         SYMBOL        IBPSTACK
  N:0100H         SYMBOL        IBPSTACKTOP
  N:0080H         SYMBOL        IDATALEN
  C:083AH         SYMBOL        IDATALOOP
  N:0000H         SYMBOL        PBPSTACK
  N:0100H         SYMBOL        PBPSTACKTOP
  N:0000H         SYMBOL        PDATALEN
  N:0000H         SYMBOL        PDATASTART
  N:0000H         SYMBOL        PPAGE
  N:0000H         SYMBOL        PPAGEENABLE
  D:00A0H         SYMBOL        PPAGE_SFR
  D:0081H         SYMBOL        SP
  C:0837H         SYMBOL        STARTUP1
  N:0000H         SYMBOL        XBPSTACK
  N:0000H         SYMBOL        XBPSTACKTOP
  N:0000H         SYMBOL        XDATALEN
  N:0000H         SYMBOL        XDATASTART
  C:0000H         LINE#         126
  C:0837H         LINE#         133
  C:0839H         LINE#         134
  C:083AH         LINE#         135
  C:083BH         LINE#         136
  C:083DH         LINE#         185
  C:0840H         LINE#         196
  -------         ENDMOD        ?C_STARTUP

  -------         MODULE        TEST
  C:0000H         SYMBOL        _ICE_DUMMY_
  D:00B0H         PUBLIC        P3
  C:0800H         PUBLIC        main
  C:0821H         PUBLIC        _Delay_ms
  D:0080H         PUBLIC        LED
  B:00B0H.2       PUBLIC        KEY
  -------         PROC          _DELAY_MS
  D:0006H         SYMBOL        dly
  -------         DO            
  D:0005H         SYMBOL        dly1
  -------         ENDDO         
  C:0821H         LINE#         29
  C:0821H         LINE#         30
  C:0821H         LINE#         32
  C:082BH         LINE#         33
  C:0836H         LINE#         34
  -------         ENDPROC       _DELAY_MS
  -------         PROC          MAIN
  C:0800H         LINE#         4
  C:0800H         LINE#         5
  C:0803H         LINE#         6
  C:0803H         LINE#         7
  C:0803H         LINE#         8
  C:0806H         LINE#         9
  C:080DH         LINE#         10
  C:0810H         LINE#         11
  C:0812H         LINE#         12
  C:0812H         LINE#         13
  C:0815H         LINE#         14
BL51 BANKED LINKER/LOCATER V6.22.2.0                                                  05/08/2025  11:36:53  PAGE 3


  C:081CH         LINE#         15
  C:081FH         LINE#         16
  -------         ENDPROC       MAIN
  -------         ENDMOD        TEST

******************************************************************************
* RESTRICTED VERSION WITH 0800H BYTE CODE SIZE LIMIT; USED: 0046H BYTE ( 3%) *
******************************************************************************

Program Size: data=9.0 xdata=0 code=70
LINK/LOCATE RUN COMPLETE.  0 WARNING(S),  0 ERROR(S)
